// Jest Snapshot v1, https://goo.gl/fbAQLP

exports[`PageHeader.vue has the expected html structure 1`] = `
<div
  class="row page-title"
>
  <div
    class="col-lg-12"
  >
    <h1
      class="page-header"
    >
      
      Dashboard
      
      <small>
        Small Text
      </small>
    </h1>
  </div>
</div>
`;
